// Jest Snapshot v1, https://goo.gl/fbAQLP

exports[`Pruebas en TodoAdd Debe de mostrarse correctamente 1`] = `
<div>
  <h4>
    Agregar TODO
  </h4>
  <hr />
  <form
    action=""
    onSubmit={[Function]}
  >
    <input
      autoComplete="off"
      className="form-control"
      name="description"
      onChange={[Function]}
      placeholder="Aprender ..."
      type="text"
      value=""
    />
    <button
      className="btn btn-primary mt-1 w-100"
      type="submit"
    >
      Agregar
    </button>
  </form>
</div>
`;
