// Jest Snapshot v1, https://goo.gl/fbAQLP

exports[`Pruebas en AppRouter Debe de mostrarse correctamente 1`] = `
<div>
  <nav
    className="navbar navbar-expand-sm navbar-dark bg-dark"
  >
    <ul>
      <li>
          
        <a
          className="nav-item active"
          href="/"
          onClick={[Function]}
        >
          Home
        </a>
      </li>
      <li>
          
        <a
          className="nav-item active"
          href="/about"
          onClick={[Function]}
        >
          About
        </a>
      </li>
      <li>
          
        <a
          className="nav-item active"
          href="/login"
          onClick={[Function]}
        >
          Login
        </a>
      </li>
    </ul>
  </nav>
  <div
    className="container"
  >
    <div>
      <h1>
        HomeScreen
      </h1>
      <hr />
      <pre>
        {
   "id": 1,
   "name": "Alejandro"
}
      </pre>
    </div>
  </div>
</div>
`;
