// Jest Snapshot v1, https://goo.gl/fbAQLP

exports[`Pruebas en <homeScreen /> Debe de mostrar correctamente 1`] = `
<div>
  <h1>
    HomeScreen
  </h1>
  <hr />
  <pre />
</div>
`;
